
C:\Users\kinga\AndroidStudioProjects\finalyearproject\smartconnect\schoolmanagement\schoolmanagement\schoolmanagement\app\src\main\java\com\example\schoolmanagement\studentfeedback.java:113: error: class, interface, or enum expected
C:\Users\kinga\AndroidStudioProjects\finalyearproject\smartconnect\schoolmanagement\schoolmanagement\schoolmanagement\app\src\main\java\com\example\schoolmanagement\studentfeedback.java:115: error: class, interface, or enum expected
C:\Users\kinga\AndroidStudioProjects\finalyearproject\smartconnect\schoolmanagement\schoolmanagement\schoolmanagement\app\src\main\java\com\example\schoolmanagement\studentfeedback.java:116: error: class, interface, or enum expected
C:\Users\kinga\AndroidStudioProjects\finalyearproject\smartconnect\schoolmanagement\schoolmanagement\schoolmanagement\app\src\main\java\com\example\schoolmanagement\studentfeedback.java:118: error: class, interface, or enum expected
C:\Users\kinga\AndroidStudioProjects\finalyearproject\smartconnect\schoolmanagement\schoolmanagement\schoolmanagement\app\src\main\java\com\example\schoolmanagement\studentfeedback.java:119: error: class, interface, or enum expected
C:\Users\kinga\AndroidStudioProjects\finalyearproject\smartconnect\schoolmanagement\schoolmanagement\schoolmanagement\app\src\main\java\com\example\schoolmanagement\studentfeedback.java:124: error: class, interface, or enum expected
C:\Users\kinga\AndroidStudioProjects\finalyearproject\smartconnect\schoolmanagement\schoolmanagement\schoolmanagement\app\src\main\java\com\example\schoolmanagement\studentfeedback.java:125: error: class, interface, or enum expected
C:\Users\kinga\AndroidStudioProjects\finalyearproject\smartconnect\schoolmanagement\schoolmanagement\schoolmanagement\app\src\main\java\com\example\schoolmanagement\studentfeedback.java:126: error: class, interface, or enum expected
C:\Users\kinga\AndroidStudioProjects\finalyearproject\smartconnect\schoolmanagement\schoolmanagement\schoolmanagement\app\src\main\java\com\example\schoolmanagement\studentfeedback.java:127: error: class, interface, or enum expected
C:\Users\kinga\AndroidStudioProjects\finalyearproject\smartconnect\schoolmanagement\schoolmanagement\schoolmanagement\app\src\main\java\com\example\schoolmanagement\studentfeedback.java:128: error: class, interface, or enum expected
C:\Users\kinga\AndroidStudioProjects\finalyearproject\smartconnect\schoolmanagement\schoolmanagement\schoolmanagement\app\src\main\java\com\example\schoolmanagement\studentfeedback.java:129: error: class, interface, or enum expected
C:\Users\kinga\AndroidStudioProjects\finalyearproject\smartconnect\schoolmanagement\schoolmanagement\schoolmanagement\app\src\main\java\com\example\schoolmanagement\studentfeedback.java:130: error: class, interface, or enum expected
C:\Users\kinga\AndroidStudioProjects\finalyearproject\smartconnect\schoolmanagement\schoolmanagement\schoolmanagement\app\src\main\java\com\example\schoolmanagement\studentfeedback.java:131: error: class, interface, or enum expected
C:\Users\kinga\AndroidStudioProjects\finalyearproject\smartconnect\schoolmanagement\schoolmanagement\schoolmanagement\app\src\main\java\com\example\schoolmanagement\studentfeedback.java:135: error: class, interface, or enum expected
C:\Users\kinga\AndroidStudioProjects\finalyearproject\smartconnect\schoolmanagement\schoolmanagement\schoolmanagement\app\src\main\java\com\example\schoolmanagement\studentfeedback.java:137: error: class, interface, or enum expected
C:\Users\kinga\AndroidStudioProjects\finalyearproject\smartconnect\schoolmanagement\schoolmanagement\schoolmanagement\app\src\main\java\com\example\schoolmanagement\studentfeedback.java:138: error: class, interface, or enum expected
C:\Users\kinga\AndroidStudioProjects\finalyearproject\smartconnect\schoolmanagement\schoolmanagement\schoolmanagement\app\src\main\java\com\example\schoolmanagement\studentfeedback.java:139: error: class, interface, or enum expected
C:\Users\kinga\AndroidStudioProjects\finalyearproject\smartconnect\schoolmanagement\schoolmanagement\schoolmanagement\app\src\main\java\com\example\schoolmanagement\studentfeedback.java:149: error: class, interface, or enum expected
C:\Users\kinga\AndroidStudioProjects\finalyearproject\smartconnect\schoolmanagement\schoolmanagement\schoolmanagement\app\src\main\java\com\example\schoolmanagement\studentfeedback.java:150: error: class, interface, or enum expected
C:\Users\kinga\AndroidStudioProjects\finalyearproject\smartconnect\schoolmanagement\schoolmanagement\schoolmanagement\app\src\main\java\com\example\schoolmanagement\studentfeedback.java:151: error: class, interface, or enum expected
C:\Users\kinga\AndroidStudioProjects\finalyearproject\smartconnect\schoolmanagement\schoolmanagement\schoolmanagement\app\src\main\java\com\example\schoolmanagement\studentfeedback.java:152: error: class, interface, or enum expected
C:\Users\kinga\AndroidStudioProjects\finalyearproject\smartconnect\schoolmanagement\schoolmanagement\schoolmanagement\app\src\main\java\com\example\schoolmanagement\studentfeedback.java:156: error: class, interface, or enum expected
C:\Users\kinga\AndroidStudioProjects\finalyearproject\smartconnect\schoolmanagement\schoolmanagement\schoolmanagement\app\src\main\java\com\example\schoolmanagement\studentfeedback.java:158: error: class, interface, or enum expected
C:\Users\kinga\AndroidStudioProjects\finalyearproject\smartconnect\schoolmanagement\schoolmanagement\schoolmanagement\app\src\main\java\com\example\schoolmanagement\studentfeedback.java:159: error: class, interface, or enum expected
C:\Users\kinga\AndroidStudioProjects\finalyearproject\smartconnect\schoolmanagement\schoolmanagement\schoolmanagement\app\src\main\java\com\example\schoolmanagement\studentfeedback.java:161: error: class, interface, or enum expected
C:\Users\kinga\AndroidStudioProjects\finalyearproject\smartconnect\schoolmanagement\schoolmanagement\schoolmanagement\app\src\main\java\com\example\schoolmanagement\studentfeedback.java:162: error: class, interface, or enum expected
C:\Users\kinga\AndroidStudioProjects\finalyearproject\smartconnect\schoolmanagement\schoolmanagement\schoolmanagement\app\src\main\java\com\example\schoolmanagement\studentfeedback.java:163: error: class, interface, or enum expected
C:\Users\kinga\AndroidStudioProjects\finalyearproject\smartconnect\schoolmanagement\schoolmanagement\schoolmanagement\app\src\main\java\com\example\schoolmanagement\studentfeedback.java:168: error: class, interface, or enum expected
C:\Users\kinga\AndroidStudioProjects\finalyearproject\smartconnect\schoolmanagement\schoolmanagement\schoolmanagement\app\src\main\java\com\example\schoolmanagement\studentfeedback.java:168: error: class, interface, or enum expected
C:\Users\kinga\AndroidStudioProjects\finalyearproject\smartconnect\schoolmanagement\schoolmanagement\schoolmanagement\app\src\main\java\com\example\schoolmanagement\studentfeedback.java:171: error: class, interface, or enum expected
C:\Users\kinga\AndroidStudioProjects\finalyearproject\smartconnect\schoolmanagement\schoolmanagement\schoolmanagement\app\src\main\java\com\example\schoolmanagement\studentfeedback.java:173: error: class, interface, or enum expected
C:\Users\kinga\AndroidStudioProjects\finalyearproject\smartconnect\schoolmanagement\schoolmanagement\schoolmanagement\app\src\main\java\com\example\schoolmanagement\studentfeedback.java:176: error: class, interface, or enum expected
C:\Users\kinga\AndroidStudioProjects\finalyearproject\smartconnect\schoolmanagement\schoolmanagement\schoolmanagement\app\src\main\java\com\example\schoolmanagement\studentfeedback.java:176: error: class, interface, or enum expected
C:\Users\kinga\AndroidStudioProjects\finalyearproject\smartconnect\schoolmanagement\schoolmanagement\schoolmanagement\app\src\main\java\com\example\schoolmanagement\studentfeedback.java:178: error: class, interface, or enum expected
C:\Users\kinga\AndroidStudioProjects\finalyearproject\smartconnect\schoolmanagement\schoolmanagement\schoolmanagement\app\src\main\java\com\example\schoolmanagement\studentfeedback.java:180: error: class, interface, or enum expected
C:\Users\kinga\AndroidStudioProjects\finalyearproject\smartconnect\schoolmanagement\schoolmanagement\schoolmanagement\app\src\main\java\com\example\schoolmanagement\studentfeedback.java:182: error: class, interface, or enum expected
C:\Users\kinga\AndroidStudioProjects\finalyearproject\smartconnect\schoolmanagement\schoolmanagement\schoolmanagement\app\src\main\java\com\example\schoolmanagement\studentfeedback.java:183: error: class, interface, or enum expected
C:\Users\kinga\AndroidStudioProjects\finalyearproject\smartconnect\schoolmanagement\schoolmanagement\schoolmanagement\app\src\main\java\com\example\schoolmanagement\studentfeedback.java:184: error: <identifier> expected
C:\Users\kinga\AndroidStudioProjects\finalyearproject\smartconnect\schoolmanagement\schoolmanagement\schoolmanagement\app\src\main\java\com\example\schoolmanagement\studentfeedback.java:185: error: class, interface, or enum expected
C:\Users\kinga\AndroidStudioProjects\finalyearproject\smartconnect\schoolmanagement\schoolmanagement\schoolmanagement\app\src\main\java\com\example\schoolmanagement\studentfeedback.java:185: error: <identifier> expected
C:\Users\kinga\AndroidStudioProjects\finalyearproject\smartconnect\schoolmanagement\schoolmanagement\schoolmanagement\app\src\main\java\com\example\schoolmanagement\studentfeedback.java:186: error: class, interface, or enum expected
C:\Users\kinga\AndroidStudioProjects\finalyearproject\smartconnect\schoolmanagement\schoolmanagement\schoolmanagement\app\src\main\java\com\example\schoolmanagement\studentfeedback.java:186: error: <identifier> expected
C:\Users\kinga\AndroidStudioProjects\finalyearproject\smartconnect\schoolmanagement\schoolmanagement\schoolmanagement\app\src\main\java\com\example\schoolmanagement\studentfeedback.java:187: error: class, interface, or enum expected
C:\Users\kinga\AndroidStudioProjects\finalyearproject\smartconnect\schoolmanagement\schoolmanagement\schoolmanagement\app\src\main\java\com\example\schoolmanagement\studentfeedback.java:188: error: <identifier> expected
C:\Users\kinga\AndroidStudioProjects\finalyearproject\smartconnect\schoolmanagement\schoolmanagement\schoolmanagement\app\src\main\java\com\example\schoolmanagement\studentfeedback.java:189: error: class, interface, or enum expected
C:\Users\kinga\AndroidStudioProjects\finalyearproject\smartconnect\schoolmanagement\schoolmanagement\schoolmanagement\app\src\main\java\com\example\schoolmanagement\studentfeedback.java:189: error: <identifier> expected
C:\Users\kinga\AndroidStudioProjects\finalyearproject\smartconnect\schoolmanagement\schoolmanagement\schoolmanagement\app\src\main\java\com\example\schoolmanagement\studentfeedback.java:190: error: class, interface, or enum expected
C:\Users\kinga\AndroidStudioProjects\finalyearproject\smartconnect\schoolmanagement\schoolmanagement\schoolmanagement\app\src\main\java\com\example\schoolmanagement\studentfeedback.java:190: error: <identifier> expected
C:\Users\kinga\AndroidStudioProjects\finalyearproject\smartconnect\schoolmanagement\schoolmanagement\schoolmanagement\app\src\main\java\com\example\schoolmanagement\studentfeedback.java:191: error: class, interface, or enum expected
C:\Users\kinga\AndroidStudioProjects\finalyearproject\smartconnect\schoolmanagement\schoolmanagement\schoolmanagement\app\src\main\java\com\example\schoolmanagement\studentfeedback.java:192: error: <identifier> expected
C:\Users\kinga\AndroidStudioProjects\finalyearproject\smartconnect\schoolmanagement\schoolmanagement\schoolmanagement\app\src\main\java\com\example\schoolmanagement\studentfeedback.java:193: error: class, interface, or enum expected
C:\Users\kinga\AndroidStudioProjects\finalyearproject\smartconnect\schoolmanagement\schoolmanagement\schoolmanagement\app\src\main\java\com\example\schoolmanagement\studentfeedback.java:194: error: <identifier> expected
C:\Users\kinga\AndroidStudioProjects\finalyearproject\smartconnect\schoolmanagement\schoolmanagement\schoolmanagement\app\src\main\java\com\example\schoolmanagement\studentfeedback.java:195: error: class, interface, or enum expected
C:\Users\kinga\AndroidStudioProjects\finalyearproject\smartconnect\schoolmanagement\schoolmanagement\schoolmanagement\app\src\main\java\com\example\schoolmanagement\studentfeedback.java:196: error: <identifier> expected
C:\Users\kinga\AndroidStudioProjects\finalyearproject\smartconnect\schoolmanagement\schoolmanagement\schoolmanagement\app\src\main\java\com\example\schoolmanagement\studentfeedback.java:197: error: class, interface, or enum expected
C:\Users\kinga\AndroidStudioProjects\finalyearproject\smartconnect\schoolmanagement\schoolmanagement\schoolmanagement\app\src\main\java\com\example\schoolmanagement\studentfeedback.java:198: error: <identifier> expected
C:\Users\kinga\AndroidStudioProjects\finalyearproject\smartconnect\schoolmanagement\schoolmanagement\schoolmanagement\app\src\main\java\com\example\schoolmanagement\studentfeedback.java:199: error: class, interface, or enum expected
C:\Users\kinga\AndroidStudioProjects\finalyearproject\smartconnect\schoolmanagement\schoolmanagement\schoolmanagement\app\src\main\java\com\example\schoolmanagement\studentfeedback.java:200: error: <identifier> expected
C:\Users\kinga\AndroidStudioProjects\finalyearproject\smartconnect\schoolmanagement\schoolmanagement\schoolmanagement\app\src\main\java\com\example\schoolmanagement\studentfeedback.java:201: error: class, interface, or enum expected
C:\Users\kinga\AndroidStudioProjects\finalyearproject\smartconnect\schoolmanagement\schoolmanagement\schoolmanagement\app\src\main\java\com\example\schoolmanagement\studentfeedback.java:202: error: <identifier> expected
C:\Users\kinga\AndroidStudioProjects\finalyearproject\smartconnect\schoolmanagement\schoolmanagement\schoolmanagement\app\src\main\java\com\example\schoolmanagement\studentfeedback.java:203: error: class, interface, or enum expected
C:\Users\kinga\AndroidStudioProjects\finalyearproject\smartconnect\schoolmanagement\schoolmanagement\schoolmanagement\app\src\main\java\com\example\schoolmanagement\studentfeedback.java:204: error: <identifier> expected
C:\Users\kinga\AndroidStudioProjects\finalyearproject\smartconnect\schoolmanagement\schoolmanagement\schoolmanagement\app\src\main\java\com\example\schoolmanagement\studentfeedback.java:205: error: class, interface, or enum expected
C:\Users\kinga\AndroidStudioProjects\finalyearproject\smartconnect\schoolmanagement\schoolmanagement\schoolmanagement\app\src\main\java\com\example\schoolmanagement\studentfeedback.java:206: error: <identifier> expected
C:\Users\kinga\AndroidStudioProjects\finalyearproject\smartconnect\schoolmanagement\schoolmanagement\schoolmanagement\app\src\main\java\com\example\schoolmanagement\studentfeedback.java:207: error: class, interface, or enum expected
C:\Users\kinga\AndroidStudioProjects\finalyearproject\smartconnect\schoolmanagement\schoolmanagement\schoolmanagement\app\src\main\java\com\example\schoolmanagement\studentfeedback.java:208: error: <identifier> expected
C:\Users\kinga\AndroidStudioProjects\finalyearproject\smartconnect\schoolmanagement\schoolmanagement\schoolmanagement\app\src\main\java\com\example\schoolmanagement\studentfeedback.java:209: error: class, interface, or enum expected
C:\Users\kinga\AndroidStudioProjects\finalyearproject\smartconnect\schoolmanagement\schoolmanagement\schoolmanagement\app\src\main\java\com\example\schoolmanagement\studentfeedback.java:210: error: <identifier> expected
C:\Users\kinga\AndroidStudioProjects\finalyearproject\smartconnect\schoolmanagement\schoolmanagement\schoolmanagement\app\src\main\java\com\example\schoolmanagement\studentfeedback.java:211: error: class, interface, or enum expected
C:\Users\kinga\AndroidStudioProjects\finalyearproject\smartconnect\schoolmanagement\schoolmanagement\schoolmanagement\app\src\main\java\com\example\schoolmanagement\studentfeedback.java:212: error: <identifier> expected
C:\Users\kinga\AndroidStudioProjects\finalyearproject\smartconnect\schoolmanagement\schoolmanagement\schoolmanagement\app\src\main\java\com\example\schoolmanagement\studentfeedback.java:213: error: class, interface, or enum expected
C:\Users\kinga\AndroidStudioProjects\finalyearproject\smartconnect\schoolmanagement\schoolmanagement\schoolmanagement\app\src\main\java\com\example\schoolmanagement\studentfeedback.java:214: error: class, interface, or enum expected
C:\Users\kinga\AndroidStudioProjects\finalyearproject\smartconnect\schoolmanagement\schoolmanagement\schoolmanagement\app\src\main\java\com\example\schoolmanagement\studentfeedback.java:215: error: class, interface, or enum expected
C:\Users\kinga\AndroidStudioProjects\finalyearproject\smartconnect\schoolmanagement\schoolmanagement\schoolmanagement\app\src\main\java\com\example\schoolmanagement\studentfeedback.java:216: error: class, interface, or enum expected
C:\Users\kinga\AndroidStudioProjects\finalyearproject\smartconnect\schoolmanagement\schoolmanagement\schoolmanagement\app\src\main\java\com\example\schoolmanagement\studentfeedback.java:217: error: class, interface, or enum expected
C:\Users\kinga\AndroidStudioProjects\finalyearproject\smartconnect\schoolmanagement\schoolmanagement\schoolmanagement\app\src\main\java\com\example\schoolmanagement\studentfeedback.java:218: error: class, interface, or enum expected
C:\Users\kinga\AndroidStudioProjects\finalyearproject\smartconnect\schoolmanagement\schoolmanagement\schoolmanagement\app\src\main\java\com\example\schoolmanagement\studentfeedback.java:219: error: <identifier> expected
C:\Users\kinga\AndroidStudioProjects\finalyearproject\smartconnect\schoolmanagement\schoolmanagement\schoolmanagement\app\src\main\java\com\example\schoolmanagement\studentfeedback.java:220: error: class, interface, or enum expected
C:\Users\kinga\AndroidStudioProjects\finalyearproject\smartconnect\schoolmanagement\schoolmanagement\schoolmanagement\app\src\main\java\com\example\schoolmanagement\studentfeedback.java:221: error: <identifier> expected
C:\Users\kinga\AndroidStudioProjects\finalyearproject\smartconnect\schoolmanagement\schoolmanagement\schoolmanagement\app\src\main\java\com\example\schoolmanagement\studentfeedback.java:222: error: class, interface, or enum expected
C:\Users\kinga\AndroidStudioProjects\finalyearproject\smartconnect\schoolmanagement\schoolmanagement\schoolmanagement\app\src\main\java\com\example\schoolmanagement\studentfeedback.java:223: error: <identifier> expected
C:\Users\kinga\AndroidStudioProjects\finalyearproject\smartconnect\schoolmanagement\schoolmanagement\schoolmanagement\app\src\main\java\com\example\schoolmanagement\studentfeedback.java:224: error: class, interface, or enum expected
C:\Users\kinga\AndroidStudioProjects\finalyearproject\smartconnect\schoolmanagement\schoolmanagement\schoolmanagement\app\src\main\java\com\example\schoolmanagement\studentfeedback.java:225: error: class, interface, or enum expected
C:\Users\kinga\AndroidStudioProjects\finalyearproject\smartconnect\schoolmanagement\schoolmanagement\schoolmanagement\app\src\main\java\com\example\schoolmanagement\studentfeedback.java:226: error: class, interface, or enum expected
C:\Users\kinga\AndroidStudioProjects\finalyearproject\smartconnect\schoolmanagement\schoolmanagement\schoolmanagement\app\src\main\java\com\example\schoolmanagement\studentfeedback.java:227: error: class, interface, or enum expected
C:\Users\kinga\AndroidStudioProjects\finalyearproject\smartconnect\schoolmanagement\schoolmanagement\schoolmanagement\app\src\main\java\com\example\schoolmanagement\studentfeedback.java:232: error: class, interface, or enum expected
C:\Users\kinga\AndroidStudioProjects\finalyearproject\smartconnect\schoolmanagement\schoolmanagement\schoolmanagement\app\src\main\java\com\example\schoolmanagement\studentfeedback.java:233: error: class, interface, or enum expected
C:\Users\kinga\AndroidStudioProjects\finalyearproject\smartconnect\schoolmanagement\schoolmanagement\schoolmanagement\app\src\main\java\com\example\schoolmanagement\studentfeedback.java:234: error: class, interface, or enum expected
C:\Users\kinga\AndroidStudioProjects\finalyearproject\smartconnect\schoolmanagement\schoolmanagement\schoolmanagement\app\src\main\java\com\example\schoolmanagement\studentfeedback.java:238: error: class, interface, or enum expected
C:\Users\kinga\AndroidStudioProjects\finalyearproject\smartconnect\schoolmanagement\schoolmanagement\schoolmanagement\app\src\main\java\com\example\schoolmanagement\studentfeedback.java:239: error: class, interface, or enum expected
C:\Users\kinga\AndroidStudioProjects\finalyearproject\smartconnect\schoolmanagement\schoolmanagement\schoolmanagement\app\src\main\java\com\example\schoolmanagement\studentfeedback.java:241: error: class, interface, or enum expected
C:\Users\kinga\AndroidStudioProjects\finalyearproject\smartconnect\schoolmanagement\schoolmanagement\schoolmanagement\app\src\main\java\com\example\schoolmanagement\studentfeedback.java:246: error: class, interface, or enum expected
C:\Users\kinga\AndroidStudioProjects\finalyearproject\smartconnect\schoolmanagement\schoolmanagement\schoolmanagement\app\src\main\java\com\example\schoolmanagement\studentfeedback.java:248: error: class, interface, or enum expected
C:\Users\kinga\AndroidStudioProjects\finalyearproject\smartconnect\schoolmanagement\schoolmanagement\schoolmanagement\app\src\main\java\com\example\schoolmanagement\studentfeedback.java:250: error: class, interface, or enum expected
C:\Users\kinga\AndroidStudioProjects\finalyearproject\smartconnect\schoolmanagement\schoolmanagement\schoolmanagement\app\src\main\java\com\example\schoolmanagement\studentfeedback.java:253: error: class, interface, or enum expected
C:\Users\kinga\AndroidStudioProjects\finalyearproject\smartconnect\schoolmanagement\schoolmanagement\schoolmanagement\app\src\main\java\com\example\schoolmanagement\studentfeedback.java:255: error: class, interface, or enum expected
  C:\Users\kinga\AndroidStudioProjects\finalyearproject\smartconnect\schoolmanagement\schoolmanagement\schoolmanagement\app\src\main\java\com\example\schoolmanagement\studentfeedback.java:184: error: <identifier> expected
  C:\Users\kinga\AndroidStudioProjects\finalyearproject\smartconnect\schoolmanagement\schoolmanagement\schoolmanagement\app\src\main\java\com\example\schoolmanagement\studentfeedback.java:185: error: <identifier> expected
  C:\Users\kinga\AndroidStudioProjects\finalyearproject\smartconnect\schoolmanagement\schoolmanagement\schoolmanagement\app\src\main\java\com\example\schoolmanagement\studentfeedback.java:186: error: <identifier> expected
  C:\Users\kinga\AndroidStudioProjects\finalyearproject\smartconnect\schoolmanagement\schoolmanagement\schoolmanagement\app\src\main\java\com\example\schoolmanagement\studentfeedback.java:188: error: <identifier> expected
  C:\Users\kinga\AndroidStudioProjects\finalyearproject\smartconnect\schoolmanagement\schoolmanagement\schoolmanagement\app\src\main\java\com\example\schoolmanagement\studentfeedback.java:189: error: <identifier> expected
  C:\Users\kinga\AndroidStudioProjects\finalyearproject\smartconnect\schoolmanagement\schoolmanagement\schoolmanagement\app\src\main\java\com\example\schoolmanagement\studentfeedback.java:190: error: <identifier> expected
  C:\Users\kinga\AndroidStudioProjects\finalyearproject\smartconnect\schoolmanagement\schoolmanagement\schoolmanagement\app\src\main\java\com\example\schoolmanagement\studentfeedback.java:192: error: <identifier> expected
  C:\Users\kinga\AndroidStudioProjects\finalyearproject\smartconnect\schoolmanagement\schoolmanagement\schoolmanagement\app\src\main\java\com\example\schoolmanagement\studentfeedback.java:194: error: <identifier> expected
  C:\Users\kinga\AndroidStudioProjects\finalyearproject\smartconnect\schoolmanagement\schoolmanagement\schoolmanagement\app\src\main\java\com\example\schoolmanagement\studentfeedback.java:196: error: <identifier> expected
  C:\Users\kinga\AndroidStudioProjects\finalyearproject\smartconnect\schoolmanagement\schoolmanagement\schoolmanagement\app\src\main\java\com\example\schoolmanagement\studentfeedback.java:198: error: <identifier> expected
  C:\Users\kinga\AndroidStudioProjects\finalyearproject\smartconnect\schoolmanagement\schoolmanagement\schoolmanagement\app\src\main\java\com\example\schoolmanagement\studentfeedback.java:200: error: <identifier> expected
  C:\Users\kinga\AndroidStudioProjects\finalyearproject\smartconnect\schoolmanagement\schoolmanagement\schoolmanagement\app\src\main\java\com\example\schoolmanagement\studentfeedback.java:202: error: <identifier> expected
  C:\Users\kinga\AndroidStudioProjects\finalyearproject\smartconnect\schoolmanagement\schoolmanagement\schoolmanagement\app\src\main\java\com\example\schoolmanagement\studentfeedback.java:204: error: <identifier> expected
  C:\Users\kinga\AndroidStudioProjects\finalyearproject\smartconnect\schoolmanagement\schoolmanagement\schoolmanagement\app\src\main\java\com\example\schoolmanagement\studentfeedback.java:206: error: <identifier> expected
  C:\Users\kinga\AndroidStudioProjects\finalyearproject\smartconnect\schoolmanagement\schoolmanagement\schoolmanagement\app\src\main\java\com\example\schoolmanagement\studentfeedback.java:208: error: <identifier> expected
  C:\Users\kinga\AndroidStudioProjects\finalyearproject\smartconnect\schoolmanagement\schoolmanagement\schoolmanagement\app\src\main\java\com\example\schoolmanagement\studentfeedback.java:210: error: <identifier> expected
  C:\Users\kinga\AndroidStudioProjects\finalyearproject\smartconnect\schoolmanagement\schoolmanagement\schoolmanagement\app\src\main\java\com\example\schoolmanagement\studentfeedback.java:212: error: <identifier> expected
  C:\Users\kinga\AndroidStudioProjects\finalyearproject\smartconnect\schoolmanagement\schoolmanagement\schoolmanagement\app\src\main\java\com\example\schoolmanagement\studentfeedback.java:219: error: <identifier> expected
  C:\Users\kinga\AndroidStudioProjects\finalyearproject\smartconnect\schoolmanagement\schoolmanagement\schoolmanagement\app\src\main\java\com\example\schoolmanagement\studentfeedback.java:221: error: <identifier> expected
  C:\Users\kinga\AndroidStudioProjects\finalyearproject\smartconnect\schoolmanagement\schoolmanagement\schoolmanagement\app\src\main\java\com\example\schoolmanagement\studentfeedback.java:223: error: <identifier> expected
  C:\Users\kinga\AndroidStudioProjects\finalyearproject\smartconnect\schoolmanagement\schoolmanagement\schoolmanagement\app\src\main\java\com\example\schoolmanagement\studentfeedback.java:113: error: class, interface, or enum expected
  C:\Users\kinga\AndroidStudioProjects\finalyearproject\smartconnect\schoolmanagement\schoolmanagement\schoolmanagement\app\src\main\java\com\example\schoolmanagement\studentfeedback.java:115: error: class, interface, or enum expected
  C:\Users\kinga\AndroidStudioProjects\finalyearproject\smartconnect\schoolmanagement\schoolmanagement\schoolmanagement\app\src\main\java\com\example\schoolmanagement\studentfeedback.java:116: error: class, interface, or enum expected
  C:\Users\kinga\AndroidStudioProjects\finalyearproject\smartconnect\schoolmanagement\schoolmanagement\schoolmanagement\app\src\main\java\com\example\schoolmanagement\studentfeedback.java:118: error: class, interface, or enum expected
  C:\Users\kinga\AndroidStudioProjects\finalyearproject\smartconnect\schoolmanagement\schoolmanagement\schoolmanagement\app\src\main\java\com\example\schoolmanagement\studentfeedback.java:119: error: class, interface, or enum expected
  C:\Users\kinga\AndroidStudioProjects\finalyearproject\smartconnect\schoolmanagement\schoolmanagement\schoolmanagement\app\src\main\java\com\example\schoolmanagement\studentfeedback.java:124: error: class, interface, or enum expected
  C:\Users\kinga\AndroidStudioProjects\finalyearproject\smartconnect\schoolmanagement\schoolmanagement\schoolmanagement\app\src\main\java\com\example\schoolmanagement\studentfeedback.java:125: error: class, interface, or enum expected
  C:\Users\kinga\AndroidStudioProjects\finalyearproject\smartconnect\schoolmanagement\schoolmanagement\schoolmanagement\app\src\main\java\com\example\schoolmanagement\studentfeedback.java:126: error: class, interface, or enum expected
  C:\Users\kinga\AndroidStudioProjects\finalyearproject\smartconnect\schoolmanagement\schoolmanagement\schoolmanagement\app\src\main\java\com\example\schoolmanagement\studentfeedback.java:127: error: class, interface, or enum expected
  C:\Users\kinga\AndroidStudioProjects\finalyearproject\smartconnect\schoolmanagement\schoolmanagement\schoolmanagement\app\src\main\java\com\example\schoolmanagement\studentfeedback.java:128: error: class, interface, or enum expected
  C:\Users\kinga\AndroidStudioProjects\finalyearproject\smartconnect\schoolmanagement\schoolmanagement\schoolmanagement\app\src\main\java\com\example\schoolmanagement\studentfeedback.java:129: error: class, interface, or enum expected
  C:\Users\kinga\AndroidStudioProjects\finalyearproject\smartconnect\schoolmanagement\schoolmanagement\schoolmanagement\app\src\main\java\com\example\schoolmanagement\studentfeedback.java:130: error: class, interface, or enum expected
  C:\Users\kinga\AndroidStudioProjects\finalyearproject\smartconnect\schoolmanagement\schoolmanagement\schoolmanagement\app\src\main\java\com\example\schoolmanagement\studentfeedback.java:131: error: class, interface, or enum expected
  C:\Users\kinga\AndroidStudioProjects\finalyearproject\smartconnect\schoolmanagement\schoolmanagement\schoolmanagement\app\src\main\java\com\example\schoolmanagement\studentfeedback.java:135: error: class, interface, or enum expected
  C:\Users\kinga\AndroidStudioProjects\finalyearproject\smartconnect\schoolmanagement\schoolmanagement\schoolmanagement\app\src\main\java\com\example\schoolmanagement\studentfeedback.java:137: error: class, interface, or enum expected
  C:\Users\kinga\AndroidStudioProjects\finalyearproject\smartconnect\schoolmanagement\schoolmanagement\schoolmanagement\app\src\main\java\com\example\schoolmanagement\studentfeedback.java:138: error: class, interface, or enum expected
  C:\Users\kinga\AndroidStudioProjects\finalyearproject\smartconnect\schoolmanagement\schoolmanagement\schoolmanagement\app\src\main\java\com\example\schoolmanagement\studentfeedback.java:139: error: class, interface, or enum expected
  C:\Users\kinga\AndroidStudioProjects\finalyearproject\smartconnect\schoolmanagement\schoolmanagement\schoolmanagement\app\src\main\java\com\example\schoolmanagement\studentfeedback.java:149: error: class, interface, or enum expected
  C:\Users\kinga\AndroidStudioProjects\finalyearproject\smartconnect\schoolmanagement\schoolmanagement\schoolmanagement\app\src\main\java\com\example\schoolmanagement\studentfeedback.java:150: error: class, interface, or enum expected
  C:\Users\kinga\AndroidStudioProjects\finalyearproject\smartconnect\schoolmanagement\schoolmanagement\schoolmanagement\app\src\main\java\com\example\schoolmanagement\studentfeedback.java:151: error: class, interface, or enum expected
  C:\Users\kinga\AndroidStudioProjects\finalyearproject\smartconnect\schoolmanagement\schoolmanagement\schoolmanagement\app\src\main\java\com\example\schoolmanagement\studentfeedback.java:152: error: class, interface, or enum expected
  C:\Users\kinga\AndroidStudioProjects\finalyearproject\smartconnect\schoolmanagement\schoolmanagement\schoolmanagement\app\src\main\java\com\example\schoolmanagement\studentfeedback.java:156: error: class, interface, or enum expected
  C:\Users\kinga\AndroidStudioProjects\finalyearproject\smartconnect\schoolmanagement\schoolmanagement\schoolmanagement\app\src\main\java\com\example\schoolmanagement\studentfeedback.java:158: error: class, interface, or enum expected
  C:\Users\kinga\AndroidStudioProjects\finalyearproject\smartconnect\schoolmanagement\schoolmanagement\schoolmanagement\app\src\main\java\com\example\schoolmanagement\studentfeedback.java:159: error: class, interface, or enum expected
  C:\Users\kinga\AndroidStudioProjects\finalyearproject\smartconnect\schoolmanagement\schoolmanagement\schoolmanagement\app\src\main\java\com\example\schoolmanagement\studentfeedback.java:161: error: class, interface, or enum expected
  C:\Users\kinga\AndroidStudioProjects\finalyearproject\smartconnect\schoolmanagement\schoolmanagement\schoolmanagement\app\src\main\java\com\example\schoolmanagement\studentfeedback.java:162: error: class, interface, or enum expected
  C:\Users\kinga\AndroidStudioProjects\finalyearproject\smartconnect\schoolmanagement\schoolmanagement\schoolmanagement\app\src\main\java\com\example\schoolmanagement\studentfeedback.java:163: error: class, interface, or enum expected
  C:\Users\kinga\AndroidStudioProjects\finalyearproject\smartconnect\schoolmanagement\schoolmanagement\schoolmanagement\app\src\main\java\com\example\schoolmanagement\studentfeedback.java:168: error: class, interface, or enum expected
  C:\Users\kinga\AndroidStudioProjects\finalyearproject\smartconnect\schoolmanagement\schoolmanagement\schoolmanagement\app\src\main\java\com\example\schoolmanagement\studentfeedback.java:168: error: class, interface, or enum expected
  C:\Users\kinga\AndroidStudioProjects\finalyearproject\smartconnect\schoolmanagement\schoolmanagement\schoolmanagement\app\src\main\java\com\example\schoolmanagement\studentfeedback.java:171: error: class, interface, or enum expected
  C:\Users\kinga\AndroidStudioProjects\finalyearproject\smartconnect\schoolmanagement\schoolmanagement\schoolmanagement\app\src\main\java\com\example\schoolmanagement\studentfeedback.java:173: error: class, interface, or enum expected
  C:\Users\kinga\AndroidStudioProjects\finalyearproject\smartconnect\schoolmanagement\schoolmanagement\schoolmanagement\app\src\main\java\com\example\schoolmanagement\studentfeedback.java:176: error: class, interface, or enum expected
  C:\Users\kinga\AndroidStudioProjects\finalyearproject\smartconnect\schoolmanagement\schoolmanagement\schoolmanagement\app\src\main\java\com\example\schoolmanagement\studentfeedback.java:176: error: class, interface, or enum expected
  C:\Users\kinga\AndroidStudioProjects\finalyearproject\smartconnect\schoolmanagement\schoolmanagement\schoolmanagement\app\src\main\java\com\example\schoolmanagement\studentfeedback.java:178: error: class, interface, or enum expected
  C:\Users\kinga\AndroidStudioProjects\finalyearproject\smartconnect\schoolmanagement\schoolmanagement\schoolmanagement\app\src\main\java\com\example\schoolmanagement\studentfeedback.java:180: error: class, interface, or enum expected
  C:\Users\kinga\AndroidStudioProjects\finalyearproject\smartconnect\schoolmanagement\schoolmanagement\schoolmanagement\app\src\main\java\com\example\schoolmanagement\studentfeedback.java:182: error: class, interface, or enum expected
  C:\Users\kinga\AndroidStudioProjects\finalyearproject\smartconnect\schoolmanagement\schoolmanagement\schoolmanagement\app\src\main\java\com\example\schoolmanagement\studentfeedback.java:183: error: class, interface, or enum expected
  C:\Users\kinga\AndroidStudioProjects\finalyearproject\smartconnect\schoolmanagement\schoolmanagement\schoolmanagement\app\src\main\java\com\example\schoolmanagement\studentfeedback.java:185: error: class, interface, or enum expected
  C:\Users\kinga\AndroidStudioProjects\finalyearproject\smartconnect\schoolmanagement\schoolmanagement\schoolmanagement\app\src\main\java\com\example\schoolmanagement\studentfeedback.java:186: error: class, interface, or enum expected
  C:\Users\kinga\AndroidStudioProjects\finalyearproject\smartconnect\schoolmanagement\schoolmanagement\schoolmanagement\app\src\main\java\com\example\schoolmanagement\studentfeedback.java:187: error: class, interface, or enum expected
  C:\Users\kinga\AndroidStudioProjects\finalyearproject\smartconnect\schoolmanagement\schoolmanagement\schoolmanagement\app\src\main\java\com\example\schoolmanagement\studentfeedback.java:189: error: class, interface, or enum expected
  C:\Users\kinga\AndroidStudioProjects\finalyearproject\smartconnect\schoolmanagement\schoolmanagement\schoolmanagement\app\src\main\java\com\example\schoolmanagement\studentfeedback.java:190: error: class, interface, or enum expected
  C:\Users\kinga\AndroidStudioProjects\finalyearproject\smartconnect\schoolmanagement\schoolmanagement\schoolmanagement\app\src\main\java\com\example\schoolmanagement\studentfeedback.java:191: error: class, interface, or enum expected
  C:\Users\kinga\AndroidStudioProjects\finalyearproject\smartconnect\schoolmanagement\schoolmanagement\schoolmanagement\app\src\main\java\com\example\schoolmanagement\studentfeedback.java:193: error: class, interface, or enum expected
  C:\Users\kinga\AndroidStudioProjects\finalyearproject\smartconnect\schoolmanagement\schoolmanagement\schoolmanagement\app\src\main\java\com\example\schoolmanagement\studentfeedback.java:195: error: class, interface, or enum expected
  C:\Users\kinga\AndroidStudioProjects\finalyearproject\smartconnect\schoolmanagement\schoolmanagement\schoolmanagement\app\src\main\java\com\example\schoolmanagement\studentfeedback.java:197: error: class, interface, or enum expected
  C:\Users\kinga\AndroidStudioProjects\finalyearproject\smartconnect\schoolmanagement\schoolmanagement\schoolmanagement\app\src\main\java\com\example\schoolmanagement\studentfeedback.java:199: error: class, interface, or enum expected
  C:\Users\kinga\AndroidStudioProjects\finalyearproject\smartconnect\schoolmanagement\schoolmanagement\schoolmanagement\app\src\main\java\com\example\schoolmanagement\studentfeedback.java:201: error: class, interface, or enum expected
  C:\Users\kinga\AndroidStudioProjects\finalyearproject\smartconnect\schoolmanagement\schoolmanagement\schoolmanagement\app\src\main\java\com\example\schoolmanagement\studentfeedback.java:203: error: class, interface, or enum expected
  C:\Users\kinga\AndroidStudioProjects\finalyearproject\smartconnect\schoolmanagement\schoolmanagement\schoolmanagement\app\src\main\java\com\example\schoolmanagement\studentfeedback.java:205: error: class, interface, or enum expected
  C:\Users\kinga\AndroidStudioProjects\finalyearproject\smartconnect\schoolmanagement\schoolmanagement\schoolmanagement\app\src\main\java\com\example\schoolmanagement\studentfeedback.java:207: error: class, interface, or enum expected
  C:\Users\kinga\AndroidStudioProjects\finalyearproject\smartconnect\schoolmanagement\schoolmanagement\schoolmanagement\app\src\main\java\com\example\schoolmanagement\studentfeedback.java:209: error: class, interface, or enum expected
  C:\Users\kinga\AndroidStudioProjects\finalyearproject\smartconnect\schoolmanagement\schoolmanagement\schoolmanagement\app\src\main\java\com\example\schoolmanagement\studentfeedback.java:211: error: class, interface, or enum expected
  C:\Users\kinga\AndroidStudioProjects\finalyearproject\smartconnect\schoolmanagement\schoolmanagement\schoolmanagement\app\src\main\java\com\example\schoolmanagement\studentfeedback.java:213: error: class, interface, or enum expected
  C:\Users\kinga\AndroidStudioProjects\finalyearproject\smartconnect\schoolmanagement\schoolmanagement\schoolmanagement\app\src\main\java\com\example\schoolmanagement\studentfeedback.java:214: error: class, interface, or enum expected
  C:\Users\kinga\AndroidStudioProjects\finalyearproject\smartconnect\schoolmanagement\schoolmanagement\schoolmanagement\app\src\main\java\com\example\schoolmanagement\studentfeedback.java:215: error: class, interface, or enum expected
  C:\Users\kinga\AndroidStudioProjects\finalyearproject\smartconnect\schoolmanagement\schoolmanagement\schoolmanagement\app\src\main\java\com\example\schoolmanagement\studentfeedback.java:216: error: class, interface, or enum expected
  C:\Users\kinga\AndroidStudioProjects\finalyearproject\smartconnect\schoolmanagement\schoolmanagement\schoolmanagement\app\src\main\java\com\example\schoolmanagement\studentfeedback.java:217: error: class, interface, or enum expected
  C:\Users\kinga\AndroidStudioProjects\finalyearproject\smartconnect\schoolmanagement\schoolmanagement\schoolmanagement\app\src\main\java\com\example\schoolmanagement\studentfeedback.java:218: error: class, interface, or enum expected
  C:\Users\kinga\AndroidStudioProjects\finalyearproject\smartconnect\schoolmanagement\schoolmanagement\schoolmanagement\app\src\main\java\com\example\schoolmanagement\studentfeedback.java:220: error: class, interface, or enum expected
  C:\Users\kinga\AndroidStudioProjects\finalyearproject\smartconnect\schoolmanagement\schoolmanagement\schoolmanagement\app\src\main\java\com\example\schoolmanagement\studentfeedback.java:222: error: class, interface, or enum expected
  C:\Users\kinga\AndroidStudioProjects\finalyearproject\smartconnect\schoolmanagement\schoolmanagement\schoolmanagement\app\src\main\java\com\example\schoolmanagement\studentfeedback.java:224: error: class, interface, or enum expected
  C:\Users\kinga\AndroidStudioProjects\finalyearproject\smartconnect\schoolmanagement\schoolmanagement\schoolmanagement\app\src\main\java\com\example\schoolmanagement\studentfeedback.java:225: error: class, interface, or enum expected
  C:\Users\kinga\AndroidStudioProjects\finalyearproject\smartconnect\schoolmanagement\schoolmanagement\schoolmanagement\app\src\main\java\com\example\schoolmanagement\studentfeedback.java:226: error: class, interface, or enum expected
  C:\Users\kinga\AndroidStudioProjects\finalyearproject\smartconnect\schoolmanagement\schoolmanagement\schoolmanagement\app\src\main\java\com\example\schoolmanagement\studentfeedback.java:227: error: class, interface, or enum expected
  C:\Users\kinga\AndroidStudioProjects\finalyearproject\smartconnect\schoolmanagement\schoolmanagement\schoolmanagement\app\src\main\java\com\example\schoolmanagement\studentfeedback.java:232: error: class, interface, or enum expected
  C:\Users\kinga\AndroidStudioProjects\finalyearproject\smartconnect\schoolmanagement\schoolmanagement\schoolmanagement\app\src\main\java\com\example\schoolmanagement\studentfeedback.java:233: error: class, interface, or enum expected
  C:\Users\kinga\AndroidStudioProjects\finalyearproject\smartconnect\schoolmanagement\schoolmanagement\schoolmanagement\app\src\main\java\com\example\schoolmanagement\studentfeedback.java:234: error: class, interface, or enum expected
  C:\Users\kinga\AndroidStudioProjects\finalyearproject\smartconnect\schoolmanagement\schoolmanagement\schoolmanagement\app\src\main\java\com\example\schoolmanagement\studentfeedback.java:238: error: class, interface, or enum expected
  C:\Users\kinga\AndroidStudioProjects\finalyearproject\smartconnect\schoolmanagement\schoolmanagement\schoolmanagement\app\src\main\java\com\example\schoolmanagement\studentfeedback.java:239: error: class, interface, or enum expected
  C:\Users\kinga\AndroidStudioProjects\finalyearproject\smartconnect\schoolmanagement\schoolmanagement\schoolmanagement\app\src\main\java\com\example\schoolmanagement\studentfeedback.java:241: error: class, interface, or enum expected
  C:\Users\kinga\AndroidStudioProjects\finalyearproject\smartconnect\schoolmanagement\schoolmanagement\schoolmanagement\app\src\main\java\com\example\schoolmanagement\studentfeedback.java:246: error: class, interface, or enum expected
  C:\Users\kinga\AndroidStudioProjects\finalyearproject\smartconnect\schoolmanagement\schoolmanagement\schoolmanagement\app\src\main\java\com\example\schoolmanagement\studentfeedback.java:248: error: class, interface, or enum expected
  C:\Users\kinga\AndroidStudioProjects\finalyearproject\smartconnect\schoolmanagement\schoolmanagement\schoolmanagement\app\src\main\java\com\example\schoolmanagement\studentfeedback.java:250: error: class, interface, or enum expected
  C:\Users\kinga\AndroidStudioProjects\finalyearproject\smartconnect\schoolmanagement\schoolmanagement\schoolmanagement\app\src\main\java\com\example\schoolmanagement\studentfeedback.java:253: error: class, interface, or enum expected
  C:\Users\kinga\AndroidStudioProjects\finalyearproject\smartconnect\schoolmanagement\schoolmanagement\schoolmanagement\app\src\main\java\com\example\schoolmanagement\studentfeedback.java:255: error: class, interface, or enum expected

